
 Start  Stop   Length Name                   Class
 00000H 001B9H 001BAH COROU_TEXT             CODE
 001BAH 001DEH 00025H ASCII_TEXT             CODE
 001DFH 0027BH 0009DH DISPLAY_TEXT           CODE
 0027CH 00534H 002B9H DOSMEMORY_TEXT         CODE
 00535H 00738H 00204H DynMem_TEXT            CODE
 00739H 008A0H 00168H KEYBOARD_TEXT          CODE
 008A1H 00BF9H 00359H STORAGE_TEXT           CODE
 00BFAH 00FDFH 003E6H TERMBASE_TEXT          CODE
 00FE0H 011A6H 001C7H TERMINAL_TEXT          CODE
 011A7H 0126DH 000C7H RTSError_TEXT          CODE
 0126EH 0129CH 0002FH RTSError_INIT_TEXT     CODE
 0129DH 019D1H 00735H RTSMain_TEXT           CODE
 019D2H 01A84H 000B3H RTSLanguage_TEXT       CODE
 01A85H 01A85H 00001H RTSLanguage_INIT_TEXT  CODE
 01A86H 01C1AH 00195H RTSCoroutine_TEXT      CODE
 01C1BH 01C1BH 00001H RTSCoroutine_INIT_TEXT CODE
 01C1CH 01CF1H 000D6H MODULE_TABLE_DATA      FAR_DATA
 01CF2H 01D02H 00011H INIT_FLAG_DATA         FAR_DATA
 01D04H 01ED3H 001D0H RTSMain_DATA           FAR_DATA
 01ED4H 01ED7H 00004H RTSCoroutine_DATA      FAR_DATA
 01ED8H 01EF3H 0001CH COROU_DATA             FAR_BSS
 01EF4H 01EF4H 00000H ASCII_DATA             FAR_BSS
 01EF4H 01EF4H 00000H DISPLAY_DATA           FAR_BSS
 01EF4H 01EF4H 00000H DOSMEMORY_DATA         FAR_BSS
 01EF4H 01F7BH 00088H KEYBOARD_DATA          FAR_BSS
 01F7CH 01F9DH 00022H STORAGE_DATA           FAR_BSS
 01F9EH 02030H 00093H TERMBASE_DATA          FAR_BSS
 02032H 02033H 00002H TERMINAL_DATA          FAR_BSS
 02040H 03F7FH 01F40H STACK                  STACK
 03F80H 03F80H 00000H FREE                   FREE_BSS

 Origin   Group
 01ED:0   DGROUP

Program entry point at 0129:03D6
