
ABSRQQ..........................REAR6
ACSRQQ..........................RFAR
ADDRQQ..........................REAR6
ADDSQQ..........................SETS
AINRQQ..........................RFAR
ALLHQQ..........................HEAH
ANNRQQ..........................RFAR
ASMGQQ..........................MISG6
ASNEQQ..........................ERRE
ASNGQQ..........................MISG6
ASNRQQ..........................RFAR
ASSFQQ..........................FILF
AT2RQQ..........................RFAR
ATNRQQ..........................TNSR
AVAGQQ..........................MISG6
BEGHQQ..........................ENTX6S
BEGOQQ..........................MISO
BEGXQQ..........................ENTX6S
BRTEQQ..........................MISG6
BUFFQQ..........................FILF
BUFUQQ..........................PASUXM
CEQRQQ..........................REAR6
CEQSQQ..........................SETS
CESGQQ..........................MISG6
CESXQQ..........................ENTX6S
CINSQQ..........................MISG6
CISSQQ..........................SETS
CLDFQQ..........................FILF
CLDUQQ..........................FILUXM
CLERQQ..........................REAR6
CLESQQ..........................SETS
CLNEQQ..........................ENTX6S
CLOFQQ..........................FILF
CLSGQQ..........................MISG6
CLSUQQ..........................FILUXM
CLTRQQ..........................REAR6
CLTSQQ..........................SETS
CNVEQQ..........................ERRE
CNVR............................CNVR
CODCQQ..........................CODC
CONLQQ..........................LSTL
COSRQQ..........................TNSR
CPLLQQ..........................LSTL
CPSLQQ..........................LSTL
CRCXQQ..........................ENTX6S
CRDXQQ..........................ENTX6S
CSHRQQ..........................RFAR
CSLEQQ..........................PASE
CSXEQQ..........................ENTX6S
CURHQQ..........................ENTX6S
CUTHQQ..........................MISHM
DATE............................TIDGS
DEBCQQ..........................CODC
DEBEQQ..........................DEBE
DEICQQ..........................CODC
DEJCQQ..........................CODC
DELLQQ..........................LSTL
DERCQQ..........................REAC
DEWCQQ..........................CODC
DEXCQQ..........................CODC
DIG2............................TIDGS
DISEQQ..........................PASE
DIVRQQ..........................REAR6
DOSXQQ..........................ENTX6S
DXPRQQ..........................UTLR
DZIEQQ..........................ERRE
DZREQQ..........................ERRE
DZWEQQ..........................ERRE
EMSEQQ..........................ERRE
ENBCQQ..........................CODC
ENDHQQ..........................ENTX6S
ENDOQQ..........................MISO
ENDUQQ..........................FILUXM
ENDXQQ..........................ENTX6S
ENDYQQ..........................MISY
ENICQQ..........................CODC
ENRCQQ..........................REAC
ENTEQQ..........................DEBE
ENWCQQ..........................CODC
EOFFQQ..........................FILF
EOLFQQ..........................FILF
EQCLQQ..........................LSTL
EQDLQQ..........................LSTL
ERCFQQ..........................FILF
ERREQQ..........................ERRE
ERTEQQ..........................MISG6
EXPEQQ..........................ERRE
EXPRQQ..........................TNSR
EXTEQQ..........................DEBE
FERFQQ..........................FILF
FILFQQ..........................FILF
FILKQQ..........................MISY
FILLC...........................MISG6
FILLSC..........................MISG6
FILUQQ..........................FILUXM
FLBUQQ..........................FILUXM
FLTRQQ..........................CNVR
FNSUQQ..........................FILUXM
GETFQQ..........................FILF
GETHQQ..........................HEAH
GETUQQ..........................FILUXM
GFNUQQ..........................FILUXM
GHIEQQ..........................ERRE
GHSEQQ..........................ERRE
GHVEQQ..........................ERRE
GROHQQ..........................MISHM
GTUFQQ..........................FILF
GTYUQQ..........................FILUXM
HDRFQQ..........................ENTX6S
HDRVQQ..........................ENTX6S
HEAHQQ..........................HEAH
INIEQQ..........................PASE
INIFQQ..........................FILF
INIUQQ..........................FILUXM
INJEQQ..........................PASE
INPFQQ..........................FILF
INPUQQ..........................FILUXM
INSLQQ..........................LSTL
INUEQQ..........................PASE
INUXQQ..........................PASE
LECLQQ..........................LSTL
LEDLQQ..........................LSTL
LNDRQQ..........................RFAR
LNEEQQ..........................ERRE
LNERQQ..........................TNSR
LNTEQQ..........................DEBE
LOCKED..........................MISG6
LSLEQQ..........................PASE
LSTLQQ..........................LSTL
LTCLQQ..........................LSTL
LTDLQQ..........................LSTL
M10RQQ..........................UTLR
MAXRQQ..........................RFAR
MICEQQ..........................PASE
MIN.............................SETS
MIN8............................TIDGS
MINRQQ..........................RFAR
MISHQQ..........................MISHM
MISOQQ..........................MISO
MISYQQ..........................MISY
MOVEL...........................MISG6
MOVER...........................MISG6
MOVESL..........................MISG6
MOVESR..........................MISG6
MP2RQQ..........................REAR6
MTBUQQ..........................MISG6
MULRQQ..........................REAR6
MULSQQ..........................SETS
NECLQQ..........................LSTL
NEDLQQ..........................LSTL
NEGRQQ..........................REAR6
NEWFQQ..........................FILF
NEWUQQ..........................PASUXM
NILEQQ..........................PASE
NXTUQQ..........................FILUXM
ONESQQ..........................SETS
OPNUQQ..........................FILUXM
ORDFQQ..........................ORDF
OUTFQQ..........................FILF
OUTUQQ..........................FILUXM
OVIEQQ..........................ERRE
OVREQQ..........................ERRE
OVWEQQ..........................ERRE
PADFQQ..........................FILF
PASEQQ..........................PASE
PASUQQ..........................PASUXM
PBAFQQ..........................FILF
PBCFQQ..........................FILF
PBFFQQ..........................FILF
PBLFQQ..........................FILF
PCCUQQ..........................FILUXM
PCDEQQ..........................PASE
PERUQQ..........................FILUXM
PFNUQQ..........................FILUXM
PLYRQQ..........................TNSR
PLYUQQ..........................FILUXM
PNUXQQ..........................ENTX6S
POSLQQ..........................LSTL
PPAFQQ..........................FILF
PPEFQQ..........................FILF
PPLFQQ..........................FILF
PPMFQQ..........................FILF
PPMUQQ..........................FILUXM
PTUFQQ..........................FILF
PTYUQQ..........................FILUXM
PUTFQQ..........................FILF
PUTUQQ..........................FILUXM
RCIEQQ..........................PASE
RCWEQQ..........................PASE
REAC............................REAC
RECEQQ..........................ENTX6S
REFEQQ..........................ENTX6S
REPEQQ..........................ENTX6S
RESEQQ..........................ENTX6S
RESFQQ..........................FILF
REWFQQ..........................FILF
RFARQQ..........................RFAR
RIOFQQ..........................RIOF
RNPEQQ..........................ERRE
ROURQQ..........................CNVR
RSIRQQ..........................RFAR
RSRRQQ..........................RFAR
RSTFQQ..........................STRF
RTAFQQ..........................ORDF
RTBFQQ..........................ORDF
RTCFQQ..........................STRF
RTIFQQ..........................ORDF
RTJFQQ..........................ORDF
RTLFQQ..........................FILF
RTQFQQ..........................ORDF
RTRFQQ..........................RIOF
RTSFQQ..........................STRF
RTTFQQ..........................STRF
RTWFQQ..........................ORDF
RTXFQQ..........................ORDF
SADDOK..........................MISG6
SAOGQQ..........................MISG6
SCALQQ..........................LSTL
SDZGQQ..........................MISG6
SEKFQQ..........................FILF
SEKUQQ..........................FILUXM
SELEQQ..........................PASE
SEQLQQ..........................LSTL
SETEQQ..........................PASE
SETSQQ..........................SETS
SINEQQ..........................ERRE
SINRQQ..........................TNSR
SMULOK..........................MISG6
SNELQQ..........................LSTL
SNHRQQ..........................RFAR
SOVEQQ..........................ERRE
SOVGQQ..........................MISG6
SQRRQQ..........................TNSR
SRTEQQ..........................ERRE
SRTRQQ..........................TNSR
STKBQQ..........................ENTX6S
STKHQQ..........................ENTX6S
STRFQQ..........................STRF
SUBRQQ..........................REAR6
SUBSQQ..........................SETS
TANEQQ..........................ERRE
TANRQQ..........................RFAR
TFNUQQ..........................PASUXM
TICS............................TIDGS
TIDGQQ..........................TIDGS
TIME............................TIDGS
TNHRQQ..........................RFAR
TNSR............................TNSR
TRAEQQ..........................DEBE
TRNRQQ..........................CNVR
TWOSQQ..........................SETS
UADDOK..........................MISG6
UAOGQQ..........................MISG6
UDZGQQ..........................MISG6
UM46OK..........................UTLX
UMULOK..........................MISG6
UNLOCK..........................MISG6
UTLR............................UTLR
UTLXQQ..........................UTLX
VASGQQ..........................MISG6
WEFUQQ..........................FILUXM
WSBFQQ..........................FILF
WTBFQQ..........................ORDF
WTCFQQ..........................STRF
WTIFQQ..........................ORDF
WTLFQQ..........................FILF
WTPFQQ..........................FILF
WTRFQQ..........................RIOF
WTSFQQ..........................STRF
WTTFQQ..........................STRF
WTWFQQ..........................ORDF
ZERSQQ..........................SETS


CNVR (Length 0313H bytes)

   CNVR                            FLTRQQ
   ROURQQ                          TRNRQQ

CODC (Length 07C9H bytes)

   CODCQQ                          DEBCQQ
   DEICQQ                          DEJCQQ
   DEWCQQ                          DEXCQQ
   ENBCQQ                          ENICQQ
   ENWCQQ

DEBE (Length 00FEH bytes)

   DEBEQQ                          ENTEQQ
   EXTEQQ                          LNTEQQ
   TRAEQQ

ENTX6S (Length 01EBH bytes)

   BEGHQQ                          BEGXQQ
   CESXQQ                          CLNEQQ
   CRCXQQ                          CRDXQQ
   CSXEQQ                          CURHQQ
   DOSXQQ                          ENDHQQ
   ENDXQQ                          HDRFQQ
   HDRVQQ                          PNUXQQ
   RECEQQ                          REFEQQ
   REPEQQ                          RESEQQ
   STKBQQ                          STKHQQ

ERRE (Length 0785H bytes)

   ASNEQQ                          CNVEQQ
   DZIEQQ                          DZREQQ
   DZWEQQ                          EMSEQQ
   ERREQQ                          EXPEQQ
   GHIEQQ                          GHSEQQ
   GHVEQQ                          LNEEQQ
   OVIEQQ                          OVREQQ
   OVWEQQ                          RNPEQQ
   SINEQQ                          SOVEQQ
   SRTEQQ                          TANEQQ

FILF (Length 1557H bytes)

   ASSFQQ                          BUFFQQ
   CLDFQQ                          CLOFQQ
   EOFFQQ                          EOLFQQ
   ERCFQQ                          FERFQQ
   FILFQQ                          GETFQQ
   GTUFQQ                          INIFQQ
   INPFQQ                          NEWFQQ
   OUTFQQ                          PADFQQ
   PBAFQQ                          PBCFQQ
   PBFFQQ                          PBLFQQ
   PPAFQQ                          PPEFQQ
   PPLFQQ                          PPMFQQ
   PTUFQQ                          PUTFQQ
   RESFQQ                          REWFQQ
   RTLFQQ                          SEKFQQ
   WSBFQQ                          WTLFQQ
   WTPFQQ

FILUXM (Length 11A7H bytes)

   CLDUQQ                          CLSUQQ
   ENDUQQ                          FILUQQ
   FLBUQQ                          FNSUQQ
   GETUQQ                          GFNUQQ
   GTYUQQ                          INIUQQ
   INPUQQ                          NXTUQQ
   OPNUQQ                          OUTUQQ
   PCCUQQ                          PERUQQ
   PFNUQQ                          PLYUQQ
   PPMUQQ                          PTYUQQ
   PUTUQQ                          SEKUQQ
   WEFUQQ

HEAH (Length 01CDH bytes)

   ALLHQQ                          GETHQQ
   HEAHQQ

LSTL (Length 0759H bytes)

   CONLQQ                          CPLLQQ
   CPSLQQ                          DELLQQ
   EQCLQQ                          EQDLQQ
   INSLQQ                          LECLQQ
   LEDLQQ                          LSTLQQ
   LTCLQQ                          LTDLQQ
   NECLQQ                          NEDLQQ
   POSLQQ                          SCALQQ
   SEQLQQ                          SNELQQ

MISG6 (Length 0302H bytes)

   ASMGQQ                          ASNGQQ
   AVAGQQ                          BRTEQQ
   CESGQQ                          CINSQQ
   CLSGQQ                          ERTEQQ
   FILLC                           FILLSC
   LOCKED                          MOVEL
   MOVER                           MOVESL
   MOVESR                          MTBUQQ
   SADDOK                          SAOGQQ
   SDZGQQ                          SMULOK
   SOVGQQ                          UADDOK
   UAOGQQ                          UDZGQQ
   UMULOK                          UNLOCK
   VASGQQ

MISHM (Length 00BDH bytes)

   CUTHQQ                          GROHQQ
   MISHQQ

MISO (Length 0050H bytes)

   BEGOQQ                          ENDOQQ
   MISOQQ

MISY (Length 00F2H bytes)

   ENDYQQ                          FILKQQ
   MISYQQ

ORDF (Length 0653H bytes)

   ORDFQQ                          RTAFQQ
   RTBFQQ                          RTIFQQ
   RTJFQQ                          RTQFQQ
   RTWFQQ                          RTXFQQ
   WTBFQQ                          WTIFQQ
   WTWFQQ

PASE (Length 065BH bytes)

   CSLEQQ                          DISEQQ
   INIEQQ                          INJEQQ
   INUEQQ                          INUXQQ
   LSLEQQ                          MICEQQ
   NILEQQ                          PASEQQ
   PCDEQQ                          RCIEQQ
   RCWEQQ                          SELEQQ
   SETEQQ

PASUXM (Length 00EFH bytes)

   BUFUQQ                          NEWUQQ
   PASUQQ                          TFNUQQ

REAC (Length 0951H bytes)

   DERCQQ                          ENRCQQ
   REAC

REAR6 (Length 034AH bytes)

   ABSRQQ                          ADDRQQ
   CEQRQQ                          CLERQQ
   CLTRQQ                          DIVRQQ
   MP2RQQ                          MULRQQ
   NEGRQQ                          SUBRQQ

RFAR (Length 0941H bytes)

   ACSRQQ                          AINRQQ
   ANNRQQ                          ASNRQQ
   AT2RQQ                          CSHRQQ
   LNDRQQ                          MAXRQQ
   MINRQQ                          RFARQQ
   RSIRQQ                          RSRRQQ
   SNHRQQ                          TANRQQ
   TNHRQQ

RIOF (Length 0125H bytes)

   RIOFQQ                          RTRFQQ
   WTRFQQ

SETS (Length 0586H bytes)

   ADDSQQ                          CEQSQQ
   CISSQQ                          CLESQQ
   CLTSQQ                          MIN
   MULSQQ                          ONESQQ
   SETSQQ                          SUBSQQ
   TWOSQQ                          ZERSQQ

STRF (Length 0399H bytes)

   RSTFQQ                          RTCFQQ
   RTSFQQ                          RTTFQQ
   STRFQQ                          WTCFQQ
   WTSFQQ                          WTTFQQ

TIDGS (Length 01C4H bytes)

   DATE                            DIG2
   MIN8                            TICS
   TIDGQQ                          TIME

TNSR (Length 0805H bytes)

   ATNRQQ                          COSRQQ
   EXPRQQ                          LNERQQ
   PLYRQQ                          SINRQQ
   SQRRQQ                          SRTRQQ
   TNSR

UTLR (Length 02D6H bytes)

   DXPRQQ                          M10RQQ
   UTLR

UTLX (Length 0143H bytes)

   UM46OK                          UTLXQQ
                                                                                                                                                                                                                                                                                                                                                                                                                                                                                        